WorkerThreadPool: 32 threads, 9 max low-priority.
Godot Engine v4.6.2.stable.official.71f334935 - https://godotengine.org
TextServer: Added interface "Dummy"
TextServer: Added interface "ICU / HarfBuzz / Graphite (Built-in)"
Unrecognized output string "misc2" in mapping:
030000008a2e0000dd10000000000000,Hand Held Legend GC Ultimate,a:b0,b:b2,back:b17,dpdown:b5,dpleft:b6,dpright:b7,dpup:b4,guide:b18,leftshoulder:b10,leftstick:b8,lefttrigger:a3,leftx:a0,lefty:a1,misc1:b19,misc2:b24,paddle1:b13,paddle2:b12,rightshoulder:b11,rightstick:b9,righttrigger:a4,rightx:a2,righty:a5,start:b16,x:b1,y:b3,platform:Windows,
Unrecognized output string "misc2" in mapping:
030000000d0f00000202000000000000,Horipad O Nintendo Switch 2 Controller,a:b1,b:b0,back:b8,dpdown:h0.4,dpleft:h0.8,dpright:h0.2,dpup:h0.1,guide:b12,leftshoulder:b4,leftstick:b10,lefttrigger:b6,leftx:a0,lefty:a1,misc1:b13,misc2:b14,rightshoulder:b5,rightstick:b11,righttrigger:b7,rightx:a2,righty:a3,start:b9,x:b3,y:b2,platform:Windows,
Unrecognized output string "misc2" in mapping:
030000000d0f00009601000000000000,Horipad Steam,a:b0,b:b1,back:b10,dpdown:h0.4,dpleft:h0.8,dpright:h0.2,dpup:h0.1,guide:b12,leftshoulder:b6,leftstick:b13,lefttrigger:b8,leftx:a0,lefty:a1,misc2:b2,paddle1:b5,paddle2:b15,paddle3:b18,paddle4:b19,rightshoulder:b7,rightstick:b14,righttrigger:b9,rightx:a3,righty:a4,start:b11,x:b3,y:b4,platform:Windows,
Unrecognized output string "misc2" in mapping:
030000007e0500006920000000000000,Nintendo Switch 2 Pro Controller,a:b0,b:b1,back:b14,dpdown:b8,dpleft:b10,dpright:b9,dpup:b11,guide:b16,leftshoulder:b12,leftstick:b15,lefttrigger:b13,leftx:a0,lefty:a1~,misc1:b17,misc2:b20,paddle1:b18,paddle2:b19,rightshoulder:b4,rightstick:b7,righttrigger:b5,rightx:a2,righty:a3~,start:b6,x:b2,y:b3,platform:Windows,
Using "default" pen tablet driver...

TextServer: Primary interface set to: "ICU / HarfBuzz / Graphite (Built-in)".
CORE API HASH: 4039755037
EDITOR API HASH: 223528947
Loading resource: res://tests/flujo_progresivo_de_nodo_test.gd
SceneTreeFTI: traversal method DEFAULT
Loading resource: res://niveles/global.gd
Loading resource: res://interface/SaveManager.gd
Loading resource: res://managers/MusicManager.gd
Loaded system CA certificates
Loading resource: res://niveles/nivel_1/Level.tscn
Loading resource: res://niveles/nivel_1/Level.gd
Loading resource: res://ui/components/IndicadorProgresoDeJuego.tscn
Loading resource: res://ui/components/IndicadorProgresoDeJuego.gd
Loading resource: res://assets-sistema/interfaz/titulo-celiaquia.png
Loading resource: res://.godot/imported/titulo-celiaquia.png-a748506a610ee1c4e92dd68e9b5114d9.ctex
Loading resource: res://niveles/Menú.gd
Loading resource: res://items/plato.tscn
Loading resource: res://niveles/Plataforma.gd
Loading resource: res://assets-sistema/iconos/alimentos-info/plato-flor.png
Loading resource: res://.godot/imported/plato-flor.png-c7b5a0c8a5b10173ccbc27c768940209.ctex
Loading resource: res://assets-sistema/sonidos/bonus-points-190035.mp3
Loading resource: res://.godot/imported/bonus-points-190035.mp3-7b3bc281fe56fc3554fcd6c4cc92cf5e.mp3str
Loading resource: res://assets-sistema/sonidos/sound5-106358.mp3
Loading resource: res://.godot/imported/sound5-106358.mp3-185a8d26978cc774bad04cd7ad9e349d.mp3str
Loading resource: res://assets-sistema/interfaz/fondo-capitulo-1.png
Loading resource: res://.godot/imported/fondo-capitulo-1.png-abc030c5c3d67f83b053f72233db3980.ctex
Loading resource: res://niveles/Lupa.gd
Loading resource: res://assets-sistema/interfaz/menu-fondo.png
Loading resource: res://.godot/imported/menu-fondo.png-e0dac6a302d19140ca72dd48fe42a2bf.ctex
Loading resource: res://assets-sistema/interfaz/lupa.png
Loading resource: res://.godot/imported/lupa.png-b31e12de61f65ea91e376db62a5e7e11.ctex
Loading resource: res://assets-sistema/interfaz/globito-celiaquia.png
Loading resource: res://.godot/imported/globito-celiaquia.png-6a6912135d2adc0021a88cff7f959ab1.ctex
Loading resource: res://assets-sistema/interfaz/info-lupa.png
Loading resource: res://.godot/imported/info-lupa.png-889ca10a471ef646b85cb553e7c4abb0.ctex
Loading resource: res://assets-sistema/interfaz/tengo hambre.png
Loading resource: res://.godot/imported/tengo hambre.png-202bb54534442478dbdefb8b2f524a7e.ctex
Loading resource: res://assets-sistema/player/personaje-idle-1.png
Loading resource: res://.godot/imported/personaje-idle-1.png-5e68edc8ef03038d1403dcb19ce88fc2.ctex
Loading resource: res://assets-sistema/player/personaje-idle-2.png
Loading resource: res://.godot/imported/personaje-idle-2.png-af8a5748263e531c9faf206b17bcf53e.ctex
Loading resource: res://niveles/PlayerCambiante.gd
Loading resource: res://assets-sistema/player/personaje-mal-mal--malito-1.png
Loading resource: res://.godot/imported/personaje-mal-mal--malito-1.png-c9f1c7b7dce48d5e5105ca27191ee129.ctex
Loading resource: res://assets-sistema/player/personaje-idle-3.png
Loading resource: res://.godot/imported/personaje-idle-3.png-6869596d1787fc696c0b58171ff80428.ctex
Loading resource: res://assets-sistema/player/personaje-mal-mal--malito-2.png
Loading resource: res://.godot/imported/personaje-mal-mal--malito-2.png-58fc99ff607ae7de4ebc89bd4eab67a4.ctex
Loading resource: res://assets-sistema/player/personaje-mal-malito-1.png
Loading resource: res://.godot/imported/personaje-mal-malito-1.png-2ee6112a227219ad717f269b633ced99.ctex
Loading resource: res://assets-sistema/player/personaje-mal-malito-2.png
Loading resource: res://.godot/imported/personaje-mal-malito-2.png-1489bd29a055b7f30b24c04232b8b5ab.ctex
Loading resource: res://assets-sistema/player/personaje-malito-1.png
Loading resource: res://.godot/imported/personaje-malito-1.png-605327cda634c2da57bb4a6b212b9960.ctex
Loading resource: res://assets-sistema/player/personaje-malito-2.png
Loading resource: res://.godot/imported/personaje-malito-2.png-1323417a7518b4c467787bcfbf553922.ctex
Loading resource: res://assets-sistema/player/personaje-malisisisimo-1.png
Loading resource: res://.godot/imported/personaje-malisisisimo-1.png-6b86416f1f082eae9a9a5857ab09e654.ctex
Loading resource: res://assets-sistema/player/personaje-malisisisimo-2.png
Loading resource: res://.godot/imported/personaje-malisisisimo-2.png-26aa8486f8871299a09606a52c8f3090.ctex
Loading resource: res://assets-sistema/player/personaje-sintiendose-bien-1.png
Loading resource: res://.godot/imported/personaje-sintiendose-bien-1.png-e9ccd0c70e64dc52e0d5de87b5d5c676.ctex
Loading resource: res://assets-sistema/player/personaje-sintiendose-bien-2.png
Loading resource: res://.godot/imported/personaje-sintiendose-bien-2.png-c762fb2debfc78fdcfa7e9db75c03919.ctex
Loading resource: res://assets-sistema/player/personaje-sintiendose-bien-3.png
Loading resource: res://.godot/imported/personaje-sintiendose-bien-3.png-8d470aed2afb7d8607257bf21d22b285.ctex
Loading resource: res://assets-sistema/player/personaje-sintiendose-mal-1.png
Loading resource: res://.godot/imported/personaje-sintiendose-mal-1.png-2aeda0d799737fd1316e7eeb5e52c32c.ctex
Loading resource: res://assets-sistema/player/personaje-sintiendose-mal-2.png
Loading resource: res://.godot/imported/personaje-sintiendose-mal-2.png-6ad38a48330ec990d545848a11098750.ctex
Loading resource: res://assets-sistema/player/personaje-sintiendose-mal-3.png
Loading resource: res://.godot/imported/personaje-sintiendose-mal-3.png-de89a15830f68c01fbf68967e1ec503f.ctex
Loading resource: res://assets-sistema/player/AbstractState.gd
Loading resource: res://assets-sistema/player/SentirHambre.gd
Loading resource: res://assets-sistema/interfaz/flecha-ir-para-atras-historias.png
Loading resource: res://.godot/imported/flecha-ir-para-atras-historias.png-83409338da2b5fe798fe8cc0bb323689.ctex
Loading resource: res://assets-sistema/interfaz/flecha-ir-para-adelante-desbloqueada-historias.png
Loading resource: res://.godot/imported/flecha-ir-para-adelante-desbloqueada-historias.png-e0e5cc6959019a55de1c5cbce0ac8328.ctex
Loading resource: res://niveles/manager_level.gd
Loading resource: res://assets-sistema/interfaz/flecha-ir-para-adelante-desbloqueada-historias-1.png
Loading resource: res://.godot/imported/flecha-ir-para-adelante-desbloqueada-historias-1.png-96f939950aaad75a80cc459565ec0659.ctex
Loading resource: res://assets-sistema/interfaz/flecha-ir-para-adelante-desbloqueada-historias-2.png
Loading resource: res://.godot/imported/flecha-ir-para-adelante-desbloqueada-historias-2.png-493133149e2f9252cf13fdf112bc6c0e.ctex
Loading resource: res://assets-sistema/interfaz/flecha-ir-para-adelante-desbloqueada-historias-3.png
Loading resource: res://.godot/imported/flecha-ir-para-adelante-desbloqueada-historias-3.png-607588ff531e3cfa5620ee6252435905.ctex
Loading resource: res://ui/components/ContinueCountdown.tscn
Loading resource: res://ui/components/ContinueCountdown.gd
Loading resource: res://niveles/level_completion_black_and_white.gdshader
Loading resource: res://assets-sistema/interfaz/icono-guardar.svg
Loading resource: res://.godot/imported/icono-guardar.svg-d607481b1af52ce95f6e490e842bdf63.ctex
Loading resource: res://assets-sistema/interfaz/icono-guardar-ok.svg
Loading resource: res://.godot/imported/icono-guardar-ok.svg-dcb8fd88fe8c9d63a80bb848f2fd03fd.ctex
Loading resource: res://niveles/nivel_1/level_1.tres
Loading resource: res://items/fideos.tres
Loading resource: res://items/item_level.tscn
Loading resource: res://assets-sistema/iconos/alimentos-info/fideos-info.png
Loading resource: res://.godot/imported/fideos-info.png-4dc2b65fc52da8103f467a7fdd39f969.ctex
Loading resource: res://assets-sistema/iconos/fideos-0.png
Loading resource: res://.godot/imported/fideos-0.png-59bde9b072e47762c4377602cef6fd15.ctex
Loading resource: res://items/medialuna.tres
Loading resource: res://assets-sistema/iconos/alimentos-info/medialuna-info.png
Loading resource: res://.godot/imported/medialuna-info.png-f0c366d349dcdde7d6495c48f7f78201.ctex
Loading resource: res://assets-sistema/iconos/medialunas-0.png
Loading resource: res://.godot/imported/medialunas-0.png-ad53cd03dcbd33b8dc3e053526c54cc6.ctex
Loading resource: res://items/pan.tres
Loading resource: res://assets-sistema/iconos/alimentos-info/pan-info.png
Loading resource: res://.godot/imported/pan-info.png-d3aa23b56ab5cf189bef7fc85c060dae.ctex
Loading resource: res://assets-sistema/iconos/pan-0.png
Loading resource: res://.godot/imported/pan-0.png-aecdfc8367d1afc8e1a1c791ceee9f7e.ctex
Loading resource: res://items/raviol.tres
Loading resource: res://assets-sistema/iconos/alimentos-info/ravioles-info.png
Loading resource: res://.godot/imported/ravioles-info.png-19ee56718c6ef9d99982016afc318a37.ctex
Loading resource: res://assets-sistema/iconos/ravioles-0.png
Loading resource: res://.godot/imported/ravioles-0.png-b988e9b221aaacc16ce3086abee57ced.ctex
Loading resource: res://items/alfajor-chocolate-ddl.tres
Loading resource: res://assets-sistema/iconos/alimentos-info/alfajor-chocolate-ddl-info.png
Loading resource: res://.godot/imported/alfajor-chocolate-ddl-info.png-c40114ee0f01dc9000ea2d2644cc6c88.ctex
Loading resource: res://assets-sistema/iconos/alfajor-chocolate-ddl-0.png
Loading resource: res://.godot/imported/alfajor-chocolate-ddl-0.png-9cfb7119d665c6e2a624ab69ad4b51e8.ctex
Loading resource: res://items/arroz.tres
Loading resource: res://assets-sistema/iconos/alimentos-info/arroz-blanco-info.png
Loading resource: res://.godot/imported/arroz-blanco-info.png-55581ee01d9c8523ee75610b3e3fcd71.ctex
Loading resource: res://assets-sistema/iconos/arroz-0.png
Loading resource: res://.godot/imported/arroz-0.png-b9522e97ccac9e4a69f4a73f0294f5a0.ctex
Loading resource: res://items/pescado.tres
Loading resource: res://assets-sistema/iconos/alimentos-info/pescado-info.png
Loading resource: res://.godot/imported/pescado-info.png-f481af5394c1804d88c7466701be7a36.ctex
Loading resource: res://assets-sistema/iconos/pescado-0.png
Loading resource: res://.godot/imported/pescado-0.png-058e19cea1cd2633acfe93bb903d7bc6.ctex
Loading resource: res://items/barra-cereal.tres
Loading resource: res://assets-sistema/iconos/alimentos-info/barrea-de-cereal-info.png
Loading resource: res://.godot/imported/barrea-de-cereal-info.png-a2a57a271280182ca6384644faa4c151.ctex
Loading resource: res://assets-sistema/iconos/barra-cereal-0.png
Loading resource: res://.godot/imported/barra-cereal-0.png-4ffe219be5c35bb8707bd9740395a1da.ctex
Loading resource: res://items/brownie.tres
Loading resource: res://assets-sistema/iconos/alimentos-info/brownie-chocolate-info.png
Loading resource: res://.godot/imported/brownie-chocolate-info.png-6b842f70558e9b36bc42292fd9448bae.ctex
Loading resource: res://assets-sistema/iconos/brownie-0.png
Loading resource: res://.godot/imported/brownie-0.png-a6375089f4f868701bad168d05bd1145.ctex
Loading resource: res://items/azucar.tres
Loading resource: res://assets-sistema/iconos/alimentos-info/azucar-info.png
Loading resource: res://.godot/imported/azucar-info.png-4a2c5b02fc3cd9b2495a36a5b43fe247.ctex
Loading resource: res://assets-sistema/iconos/azucar-0.png
Loading resource: res://.godot/imported/azucar-0.png-6423dc0fdfc299a797f60ecdb6bbf3c2.ctex
Loading resource: res://items/arandano.tres
Loading resource: res://assets-sistema/iconos/alimentos-info/arandano-info.png
Loading resource: res://.godot/imported/arandano-info.png-2f1b6cfb33d329f16b829039a0363c37.ctex
Loading resource: res://assets-sistema/iconos/arandano-0.png
Loading resource: res://.godot/imported/arandano-0.png-8c21487f6bf6c32031f7cad6832df78e.ctex
Loading resource: res://items/burrito.tres
Loading resource: res://assets-sistema/iconos/alimentos-info/burrito-de-pollo-info.png
Loading resource: res://.godot/imported/burrito-de-pollo-info.png-ea01f47e2c46031acc4afd19d71c43ed.ctex
Loading resource: res://assets-sistema/iconos/burrito-0.png
Loading resource: res://.godot/imported/burrito-0.png-2a74b351f6be99a6540eb207ad0d3988.ctex
Loading resource: res://items/cerveza.tres
Loading resource: res://assets-sistema/iconos/alimentos-info/cerveza-info.png
Loading resource: res://.godot/imported/cerveza-info.png-8e32d24a78911ff88b03bdbf03d3d881.ctex
Loading resource: res://assets-sistema/iconos/cerveza-0.png
Loading resource: res://.godot/imported/cerveza-0.png-11d22f7dcb17a9f63f96c703ca8a6bc9.ctex
Loading resource: res://items/manzana.tres
Loading resource: res://assets-sistema/iconos/alimentos-info/manzana-info.png
Loading resource: res://.godot/imported/manzana-info.png-1b5b846398dd627b60512d7a84c4e20e.ctex
Loading resource: res://assets-sistema/iconos/manzana-0.png
Loading resource: res://.godot/imported/manzana-0.png-a25c6d04f0de409881e3f1f3232767d4.ctex
Loading resource: res://items/fideos-solos.tres
Loading resource: res://assets-sistema/iconos/alimentos-info/fideos-aceite-info.png
Loading resource: res://.godot/imported/fideos-aceite-info.png-646df958749bf3d3604b3cb180bfaf9a.ctex
Loading resource: res://assets-sistema/iconos/fideos-aceite-0.png
Loading resource: res://.godot/imported/fideos-aceite-0.png-6a362552cf9383752f100c036011c3ad.ctex
Loading resource: res://items/banana.tres
Loading resource: res://assets-sistema/iconos/alimentos-info/banana-info.png
Loading resource: res://.godot/imported/banana-info.png-e5bf6b694571fdd187118395fa811a4e.ctex
Loading resource: res://assets-sistema/iconos/banana-0.png
Loading resource: res://.godot/imported/banana-0.png-a2f7e342b9b931ee632852b81b68f28a.ctex
Loading resource: res://items/maicena.tres
Loading resource: res://assets-sistema/iconos/alimentos-info/harina-maiz-info.png
Loading resource: res://.godot/imported/harina-maiz-info.png-25ec28ea5221c7d3665528499427e12f.ctex
Loading resource: res://assets-sistema/iconos/maicena-0.png
Loading resource: res://.godot/imported/maicena-0.png-165b47fcbc1794aee67c0b5de189d634.ctex
Loading resource: res://items/fideosarroz.tres
Loading resource: res://assets-sistema/iconos/alimentos-info/fideos-arroz-info.png
Loading resource: res://.godot/imported/fideos-arroz-info.png-80a01e976fc47d5e30a9d58f87dbf01e.ctex
Loading resource: res://assets-sistema/iconos/fideos-arroz-0.png
Loading resource: res://.godot/imported/fideos-arroz-0.png-18cd6ddf2ad9b0fcd5b547d2bcf77ba2.ctex
Loading resource: res://items/churros.tres
Loading resource: res://assets-sistema/iconos/alimentos-info/churros-info.png
Loading resource: res://.godot/imported/churros-info.png-02673c6ac177bd76e46b7a4fa60a4249.ctex
Loading resource: res://assets-sistema/iconos/churros-0.png
Loading resource: res://.godot/imported/churros-0.png-a7efbf8a4a42f54c3b8da668c031c199.ctex
Loading resource: res://items/donas.tres
Loading resource: res://assets-sistema/iconos/alimentos-info/donas-info.png
Loading resource: res://.godot/imported/donas-info.png-b63708b6285ee01a0f210cbc00abdbf7.ctex
Loading resource: res://assets-sistema/iconos/donas-0.png
Loading resource: res://.godot/imported/donas-0.png-d500b92ac218661126e17e8abb030c17.ctex
Loading resource: res://items/empanada.tres
Loading resource: res://assets-sistema/iconos/alimentos-info/empanada-carne-info.png
Loading resource: res://.godot/imported/empanada-carne-info.png-592fa91543f8cb091854568584fcaf64.ctex
Loading resource: res://assets-sistema/iconos/empanada-0.png
Loading resource: res://.godot/imported/empanada-0.png-fa3bd9e79add1adb7362f7c1ec418765.ctex
Loading resource: res://items/chocolate.tres
Loading resource: res://assets-sistema/iconos/alimentos-info/chocolate-info.png
Loading resource: res://.godot/imported/chocolate-info.png-84993efba89b332630eb90a503fe2a0e.ctex
Loading resource: res://assets-sistema/iconos/chocolate-0.png
Loading resource: res://.godot/imported/chocolate-0.png-69be80d115e554e508bb5868e9e72b8d.ctex
Loading resource: res://items/huevo.tres
Loading resource: res://assets-sistema/iconos/alimentos-info/huevo-info.png
Loading resource: res://.godot/imported/huevo-info.png-32c464e146d69cdf2efd9afcf9f9b055.ctex
Loading resource: res://assets-sistema/iconos/huevo-0.png
Loading resource: res://.godot/imported/huevo-0.png-8a33256634e2cc6d3f4bffed3e695e01.ctex
Loading resource: res://items/hamburguesa.tres
Loading resource: res://assets-sistema/iconos/alimentos-info/hamburguesa-info.png
Loading resource: res://.godot/imported/hamburguesa-info.png-ddd4379ff5abbf9de9da224147d9ebc7.ctex
Loading resource: res://assets-sistema/iconos/hamburguesa-0.png
Loading resource: res://.godot/imported/hamburguesa-0.png-66c29fc87acd9ef83c15db5dd05af18b.ctex
Loading resource: res://items/helado-cucurucho.tres
Loading resource: res://assets-sistema/iconos/alimentos-info/helado-cucurucho-info.png
Loading resource: res://.godot/imported/helado-cucurucho-info.png-4ef606639d2f8395fce22d625c323e68.ctex
Loading resource: res://assets-sistema/iconos/helado-cucurucho-0.png
Loading resource: res://.godot/imported/helado-cucurucho-0.png-6eef01e0eb665c946d6140f8a924c42f.ctex
Loading resource: res://items/leche.tres
Loading resource: res://assets-sistema/iconos/alimentos-info/leche-info.png
Loading resource: res://.godot/imported/leche-info.png-b43e1846c7dfcca772a542a7deae9367.ctex
Loading resource: res://assets-sistema/iconos/leche-0.png
Loading resource: res://.godot/imported/leche-0.png-826d8122ac45e9ff0f904a4ecaf848dc.ctex
Loading resource: res://items/pollo.tres
Loading resource: res://assets-sistema/iconos/alimentos-info/pollo-info.png
Loading resource: res://.godot/imported/pollo-info.png-cb903730b62820c32ce3139bfd94c7c2.ctex
Loading resource: res://assets-sistema/iconos/pollo-0.png
Loading resource: res://.godot/imported/pollo-0.png-9959dc651d6c2d0508ad31f5c3da0f84.ctex
Loading resource: res://items/galletita-pepa.tres
Loading resource: res://assets-sistema/iconos/alimentos-info/galleta-pepa-info.png
Loading resource: res://.godot/imported/galleta-pepa-info.png-d5f4e8ebfb29d3eb6236502c66d493a6.ctex
Loading resource: res://assets-sistema/iconos/galleta-pepa-0.png
Loading resource: res://.godot/imported/galleta-pepa-0.png-6a82b1b1e76cfb7eff60f38186a17210.ctex
Loading resource: res://items/galletita-pepita.tres
Loading resource: res://assets-sistema/iconos/alimentos-info/galleta-pepitas-info.png
Loading resource: res://.godot/imported/galleta-pepitas-info.png-456daf052dd9a31cb7c3de2895c2133b.ctex
Loading resource: res://assets-sistema/iconos/galleta-pepitas-0.png
Loading resource: res://.godot/imported/galleta-pepitas-0.png-1ecdd30ef55a7ba9569132ae1fd01dae.ctex
Loading resource: res://items/queso.tres
Loading resource: res://assets-sistema/iconos/alimentos-info/queso-info.png
Loading resource: res://.godot/imported/queso-info.png-b8da14f2e3bd58a24223ee57433c1a5a.ctex
Loading resource: res://assets-sistema/iconos/queso-0.png
Loading resource: res://.godot/imported/queso-0.png-60f777771a398cb38efa24725c6b337e.ctex
Loading resource: res://items/galletita-chocolate.tres
Loading resource: res://assets-sistema/iconos/alimentos-info/galleta-chocolate-info.png
Loading resource: res://.godot/imported/galleta-chocolate-info.png-d11f22d12796d14810c219473ff44c9c.ctex
Loading resource: res://assets-sistema/iconos/galleta-choco-0.png
Loading resource: res://.godot/imported/galleta-choco-0.png-2910f5e4acb04e94851146ceb799133e.ctex
Loading resource: res://items/hotdog.tres
Loading resource: res://assets-sistema/iconos/alimentos-info/pancho-info.png
Loading resource: res://.godot/imported/pancho-info.png-28c37dc20e2cde4a880a95d773239153.ctex
Loading resource: res://assets-sistema/iconos/hotdog-0.png
Loading resource: res://.godot/imported/hotdog-0.png-3b179fad42fdecb4d744458fea86903a.ctex
Loading resource: res://items/panqueque.tres
Loading resource: res://assets-sistema/iconos/alimentos-info/panqueques-info.png
Loading resource: res://.godot/imported/panqueques-info.png-de2b18c23f2429e8931fbd3b1236205c.ctex
Loading resource: res://assets-sistema/iconos/panqueques-0.png
Loading resource: res://.godot/imported/panqueques-0.png-17ec10d061779460235e7c4a7c9070bb.ctex
Loading resource: res://items/pasta-frola.tres
Loading resource: res://assets-sistema/iconos/alimentos-info/pasta-frola-info.png
Loading resource: res://.godot/imported/pasta-frola-info.png-2b390d7db15874302fe694116a31ff44.ctex
Loading resource: res://assets-sistema/iconos/pasta-frola-0.png
Loading resource: res://.godot/imported/pasta-frola-0.png-8a5aeee22393f7787f5ac8f9c4508530.ctex
Loading resource: res://items/patita-pollo.tres
Loading resource: res://assets-sistema/iconos/alimentos-info/patita-pollo-info.png
Loading resource: res://.godot/imported/patita-pollo-info.png-becda9efad872ab1a0733fc8bf66e8ca.ctex
Loading resource: res://assets-sistema/iconos/patita-pollo-0.png
Loading resource: res://.godot/imported/patita-pollo-0.png-46083f99fac47884c0b324383212ee16.ctex
Loading resource: res://items/pizza.tres
Loading resource: res://assets-sistema/iconos/alimentos-info/pizza-info.png
Loading resource: res://.godot/imported/pizza-info.png-749033077302609eda3a0fbe33110b04.ctex
Loading resource: res://assets-sistema/iconos/pizza-0.png
Loading resource: res://.godot/imported/pizza-0.png-bef8360ca992c829f4059570b0f52ff9.ctex
Loading resource: res://items/torta-chocolate.tres
Loading resource: res://assets-sistema/iconos/alimentos-info/torta-chocolate-info.png
Loading resource: res://.godot/imported/torta-chocolate-info.png-6374ec1ddbd765339d2bb9d46791d63d.ctex
Loading resource: res://assets-sistema/iconos/torta-chocolate-0.png
Loading resource: res://.godot/imported/torta-chocolate-0.png-f6ac91cf24e856ac2172b8cb07f31630.ctex
Loading resource: res://items/tostado-jyq.tres
Loading resource: res://assets-sistema/iconos/alimentos-info/tostado-jyq-info.png
Loading resource: res://.godot/imported/tostado-jyq-info.png-e46f25a5307dd9c0e555e07b2809e09d.ctex
Loading resource: res://assets-sistema/iconos/tostado-jyq-0.png
Loading resource: res://.godot/imported/tostado-jyq-0.png-28c01ad45bfa50477fe5c5f8747cc021.ctex
Loading resource: res://items/yogurt-cereales.tres
Loading resource: res://assets-sistema/iconos/alimentos-info/yogurt-cereales-info.png
Loading resource: res://.godot/imported/yogurt-cereales-info.png-958427c0b4942fd0d7a18a64abdccb55.ctex
Loading resource: res://assets-sistema/iconos/yogurt-cereales-0.png
Loading resource: res://.godot/imported/yogurt-cereales-0.png-a5775dfb0e505c0eae53a47968b130b9.ctex
Loading resource: res://items/aceite.tres
Loading resource: res://assets-sistema/iconos/alimentos-info/aceite-maiz-info.png
Loading resource: res://.godot/imported/aceite-maiz-info.png-856385cf4d9420661d61c3f2fbebf91b.ctex
Loading resource: res://assets-sistema/iconos/aceite-0.png
Loading resource: res://.godot/imported/aceite-0.png-662bf0c5245c21288bb4ca99e0983207.ctex
Loading resource: res://items/aceituna.tres
Loading resource: res://assets-sistema/iconos/alimentos-info/aceituna-info.png
Loading resource: res://.godot/imported/aceituna-info.png-66d15a6b9efbfe373f947ce653f18332.ctex
Loading resource: res://assets-sistema/iconos/aceituna-0.png
Loading resource: res://.godot/imported/aceituna-0.png-1299bdae4b2ca7571b1243ee605c7946.ctex
Loading resource: res://items/ajo.tres
Loading resource: res://assets-sistema/iconos/alimentos-info/ajo-info.png
Loading resource: res://.godot/imported/ajo-info.png-a25dc385a8917541a1781849dfa10811.ctex
Loading resource: res://assets-sistema/iconos/ajo-0.png
Loading resource: res://.godot/imported/ajo-0.png-cf0d117ffe3fed10417e8cab98eea553.ctex
Loading resource: res://items/almendra.tres
Loading resource: res://assets-sistema/iconos/alimentos-info/almendras-info.png
Loading resource: res://.godot/imported/almendras-info.png-c306e38c9261238bb03c074e97863590.ctex
Loading resource: res://assets-sistema/iconos/almendra-0.png
Loading resource: res://.godot/imported/almendra-0.png-101681e7a648df732700a65a7ae1f714.ctex
Loading resource: res://items/brocoli.tres
Loading resource: res://assets-sistema/iconos/alimentos-info/brocoli-info.png
Loading resource: res://.godot/imported/brocoli-info.png-d45f7bc745df949ed573a08cf510b15f.ctex
Loading resource: res://assets-sistema/iconos/brocoli-0.png
Loading resource: res://.godot/imported/brocoli-0.png-84f7cfc134aeef513d788501dd315b05.ctex
Loading resource: res://items/cafe-leche.tres
Loading resource: res://assets-sistema/iconos/alimentos-info/cafe-leche-info.png
Loading resource: res://.godot/imported/cafe-leche-info.png-01ea42d114ec46ef871a3e9f3bf4bc1f.ctex
Loading resource: res://assets-sistema/iconos/cafe-leche-0.png
Loading resource: res://.godot/imported/cafe-leche-0.png-b1712ef5b344783cd98cbda654b7c208.ctex
Loading resource: res://items/cafe.tres
Loading resource: res://assets-sistema/iconos/alimentos-info/cafe-info.png
Loading resource: res://.godot/imported/cafe-info.png-25b62c114c70119aab6d19823e52af1c.ctex
Loading resource: res://assets-sistema/iconos/cafe-0.png
Loading resource: res://.godot/imported/cafe-0.png-df7519f85fb453ecb243722147cc4143.ctex
Loading resource: res://items/caramelos.tres
Loading resource: res://assets-sistema/iconos/alimentos-info/caramelos-duros-info.png
Loading resource: res://.godot/imported/caramelos-duros-info.png-5b6e300d0997de1f50f0099861636a30.ctex
Loading resource: res://assets-sistema/iconos/caramelos-0.png
Loading resource: res://.godot/imported/caramelos-0.png-d54ab192da29eb92d479bc99382930d7.ctex
Loading resource: res://items/castaña.tres
Loading resource: res://assets-sistema/iconos/alimentos-info/castana-caju-info.png
Loading resource: res://.godot/imported/castana-caju-info.png-708e4fe2c31e7c154717a15be87f7851.ctex
Loading resource: res://assets-sistema/iconos/castana-caju-0.png
Loading resource: res://.godot/imported/castana-caju-0.png-af66f5c0977407bbaf83d0db53aa61a7.ctex
Loading resource: res://items/champignon.tres
Loading resource: res://assets-sistema/iconos/alimentos-info/champignon-info.png
Loading resource: res://.godot/imported/champignon-info.png-c272f59389c6dbdb89b44fa29a522fde.ctex
Loading resource: res://assets-sistema/iconos/champignon-0.png
Loading resource: res://.godot/imported/champignon-0.png-9ece251852cd9c33157438dd833fbc95.ctex
Loading resource: res://items/chupetin.tres
Loading resource: res://assets-sistema/iconos/alimentos-info/chupetin-info.png
Loading resource: res://.godot/imported/chupetin-info.png-4b4ed9c392dee4ebe5995ab4d15b5471.ctex
Loading resource: res://assets-sistema/iconos/chupetin-0.png
Loading resource: res://.godot/imported/chupetin-0.png-d19ffb960dfeb7b4b62f0e9f17dbd62f.ctex
Loading resource: res://items/esparrago.tres
Loading resource: res://assets-sistema/iconos/alimentos-info/esparrago-info.png
Loading resource: res://.godot/imported/esparrago-info.png-8fc39478d35546ff108da5dde6918650.ctex
Loading resource: res://assets-sistema/iconos/esparrago-0.png
Loading resource: res://.godot/imported/esparrago-0.png-2137fb0949284361fc4a51bb86377fba.ctex
Loading resource: res://items/falafel.tres
Loading resource: res://assets-sistema/iconos/alimentos-info/falafel-info.png
Loading resource: res://.godot/imported/falafel-info.png-bd37ae46ba1da6e900795f945185f631.ctex
Loading resource: res://assets-sistema/iconos/falafel-0.png
Loading resource: res://.godot/imported/falafel-0.png-8e73b760f53dc77013da25f8dfe77705.ctex
Loading resource: res://items/fideos-arroz-solos.tres
Loading resource: res://assets-sistema/iconos/alimentos-info/fideos-arroz-aceite-info.png
Loading resource: res://.godot/imported/fideos-arroz-aceite-info.png-e89c9477b71d7d5e8a9c315a59ad1a44.ctex
Loading resource: res://assets-sistema/iconos/fideos-arroz-aceite-0.png
Loading resource: res://.godot/imported/fideos-arroz-aceite-0.png-e9c0f6d1a85aa593cdbde069e3e96010.ctex
Loading resource: res://items/filete.tres
Loading resource: res://assets-sistema/iconos/alimentos-info/filete-info.png
Loading resource: res://.godot/imported/filete-info.png-ea0d414c15d027b53f7d5cf080b3fdb8.ctex
Loading resource: res://assets-sistema/iconos/filete-0.png
Loading resource: res://.godot/imported/filete-0.png-dc07ee149db1f90122a06e12a17c962b.ctex
Loading resource: res://items/flan.tres
Loading resource: res://assets-sistema/iconos/alimentos-info/flan-info.png
Loading resource: res://.godot/imported/flan-info.png-0596ece6c0f8989cde3ed521308ba9dc.ctex
Loading resource: res://assets-sistema/iconos/flan-0.png
Loading resource: res://.godot/imported/flan-0.png-ae13fca6f3df7f72ec434d456a25627d.ctex
Loading resource: res://items/frutilla.tres
Loading resource: res://assets-sistema/iconos/alimentos-info/frutilla-info.png
Loading resource: res://.godot/imported/frutilla-info.png-22083baab3415a9447c3f656be9ee355.ctex
Loading resource: res://assets-sistema/iconos/frutilla-0.png
Loading resource: res://.godot/imported/frutilla-0.png-603f4e79201006903bd6d4b4cd75e1ed.ctex
Loading resource: res://items/helado-taza.tres
Loading resource: res://assets-sistema/iconos/alimentos-info/helado-vasito-info.png
Loading resource: res://.godot/imported/helado-vasito-info.png-99f2f7fa74f32119e1d74aa36e672424.ctex
Loading resource: res://assets-sistema/iconos/helado-taza-0.png
Loading resource: res://.godot/imported/helado-taza-0.png-5efd731e58dddfddf784a64cbd4b6829.ctex
Loading resource: res://items/hummus.tres
Loading resource: res://assets-sistema/iconos/alimentos-info/hummus-info.png
Loading resource: res://.godot/imported/hummus-info.png-e71429f7add112abbfca146c82a91862.ctex
Loading resource: res://assets-sistema/iconos/hummus-0.png
Loading resource: res://.godot/imported/hummus-0.png-52e9632f96b2fd59ea97dbead32f9009.ctex
Loading resource: res://items/jamon.tres
Loading resource: res://assets-sistema/iconos/alimentos-info/jamon-info.png
Loading resource: res://.godot/imported/jamon-info.png-edfe659eefc90b1d81ceb18a6292a455.ctex
Loading resource: res://assets-sistema/iconos/jamon-0.png
Loading resource: res://.godot/imported/jamon-0.png-e27c7b1820c6b271e981756d85c57d93.ctex
Loading resource: res://items/jugo-naranja.tres
Loading resource: res://assets-sistema/iconos/alimentos-info/jugo-naranja-info.png
Loading resource: res://.godot/imported/jugo-naranja-info.png-bd0e068dd4b9e3c287b41bb967c800d9.ctex
Loading resource: res://assets-sistema/iconos/jugo-naranja-0.png
Loading resource: res://.godot/imported/jugo-naranja-0.png-df570696042d35e3d44f52aa1e9b6901.ctex
Loading resource: res://items/kiwi.tres
Loading resource: res://assets-sistema/iconos/alimentos-info/kiwi-info.png
Loading resource: res://.godot/imported/kiwi-info.png-baf8e4bccee50c6bccad8d95d4a5a892.ctex
Loading resource: res://assets-sistema/iconos/kiwi-0.png
Loading resource: res://.godot/imported/kiwi-0.png-d3869789b230b0addb0755fd5c0ca915.ctex
Loading resource: res://items/langostino.tres
Loading resource: res://assets-sistema/iconos/alimentos-info/langostino-info.png
Loading resource: res://.godot/imported/langostino-info.png-05562b3f33eae70c7bdea356b809d673.ctex
Loading resource: res://assets-sistema/iconos/langostino-0.png
Loading resource: res://.godot/imported/langostino-0.png-2bfef7d91ea245e1c398480111372f01.ctex
Loading resource: res://items/limon.tres
Loading resource: res://assets-sistema/iconos/alimentos-info/limon-info.png
Loading resource: res://.godot/imported/limon-info.png-379d24c788ff71acd7052e9e1d6437dc.ctex
Loading resource: res://assets-sistema/iconos/limon-0.png
Loading resource: res://.godot/imported/limon-0.png-29576a8b9aeec2059b2614e9c8aaca1b.ctex
Loading resource: res://items/mandarina.tres
Loading resource: res://assets-sistema/iconos/alimentos-info/mandarina-info.png
Loading resource: res://.godot/imported/mandarina-info.png-f889f0d7002ce703c47fe66d3c34d3f3.ctex
Loading resource: res://assets-sistema/iconos/mandarina-0.png
Loading resource: res://.godot/imported/mandarina-0.png-e45685fb7ab2774368776c0c5667bfaf.ctex
Loading resource: res://items/mani.tres
Loading resource: res://assets-sistema/iconos/alimentos-info/mani-info.png
Loading resource: res://.godot/imported/mani-info.png-94e8fce3abcc3271e117f5710a51c058.ctex
Loading resource: res://assets-sistema/iconos/mani-0.png
Loading resource: res://.godot/imported/mani-0.png-d02305a4d6f173ed49252edb081d2f7a.ctex
Loading resource: res://items/mate.tres
Loading resource: res://assets-sistema/iconos/alimentos-info/mate-info.png
Loading resource: res://.godot/imported/mate-info.png-02ae32701c07361d8a3055a271f13f57.ctex
Loading resource: res://assets-sistema/iconos/mate-0.png
Loading resource: res://.godot/imported/mate-0.png-96fe39754886339192ecf73c51d29e7e.ctex
Loading resource: res://items/melena-leon.tres
Loading resource: res://assets-sistema/iconos/alimentos-info/melena-leon-info.png
Loading resource: res://.godot/imported/melena-leon-info.png-3d325fa8dfbab82146735ec7dd2ff613.ctex
Loading resource: res://assets-sistema/iconos/melena-leon-0.png
Loading resource: res://.godot/imported/melena-leon-0.png-9a310544fa2aadf7da66e21c3111e00a.ctex
Loading resource: res://items/miel.tres
Loading resource: res://assets-sistema/iconos/alimentos-info/miel-info.png
Loading resource: res://.godot/imported/miel-info.png-59d63a64d5298fbdfd72ef087e687cb8.ctex
Loading resource: res://assets-sistema/iconos/miel-0.png
Loading resource: res://.godot/imported/miel-0.png-23139d9304c09ef586761df8f5d2c600.ctex
Loading resource: res://items/morron.tres
Loading resource: res://assets-sistema/iconos/alimentos-info/morron-info.png
Loading resource: res://.godot/imported/morron-info.png-c79a0da477ed69e1290374203a30efd0.ctex
Loading resource: res://assets-sistema/iconos/morron-0.png
Loading resource: res://.godot/imported/morron-0.png-30d9d7b210db0dc2756fead2cfffbf96.ctex
Loading resource: res://items/naranja.tres
Loading resource: res://assets-sistema/iconos/alimentos-info/naranja-info.png
Loading resource: res://.godot/imported/naranja-info.png-e199606a512f9e2dbb95ac7fe917bff8.ctex
Loading resource: res://assets-sistema/iconos/naranja-0.png
Loading resource: res://.godot/imported/naranja-0.png-a460e2d72c44373d5eb4db4f0a10f141.ctex
Loading resource: res://items/nigiri.tres
Loading resource: res://assets-sistema/iconos/alimentos-info/nigiri-info.png
Loading resource: res://.godot/imported/nigiri-info.png-0495b4d4e4769f290992291c7acd3a9e.ctex
Loading resource: res://assets-sistema/iconos/nigiri-0.png
Loading resource: res://.godot/imported/nigiri-0.png-35f80a0906f227d6b4e3556882656c9f.ctex
Loading resource: res://items/nuez.tres
Loading resource: res://assets-sistema/iconos/alimentos-info/nuez-info.png
Loading resource: res://.godot/imported/nuez-info.png-642ed4b5795ff85826c0e736e756edd4.ctex
Loading resource: res://assets-sistema/iconos/nuez-0.png
Loading resource: res://.godot/imported/nuez-0.png-c29f9d62a3043929c3bfc9a7b67f96a3.ctex
Loading resource: res://items/oliva.tres
Loading resource: res://assets-sistema/iconos/alimentos-info/aceite-oliva-info.png
Loading resource: res://.godot/imported/aceite-oliva-info.png-3bfd26c46da7eae04d99c563c16be91f.ctex
Loading resource: res://assets-sistema/iconos/oliva-0.png
Loading resource: res://.godot/imported/oliva-0.png-00fe15e9b9a92c8934a47d1d7c2c2f8a.ctex
Loading resource: res://items/palta.tres
Loading resource: res://assets-sistema/iconos/alimentos-info/palta-info.png
Loading resource: res://.godot/imported/palta-info.png-e4caf8d679de40d0b347ee62b9c8315a.ctex
Loading resource: res://assets-sistema/iconos/palta-0.png
Loading resource: res://.godot/imported/palta-0.png-3e632a911f55a84637a176885d8329fc.ctex
Loading resource: res://items/panceta.tres
Loading resource: res://assets-sistema/iconos/alimentos-info/panceta-info.png
Loading resource: res://.godot/imported/panceta-info.png-727ffb64ed17f52dbaabf54f1fb1f576.ctex
Loading resource: res://assets-sistema/iconos/panceta-0.png
Loading resource: res://.godot/imported/panceta-0.png-06a11326248fedfeacee3d8ef939808d.ctex
Loading resource: res://items/papas-fritas.tres
Loading resource: res://assets-sistema/iconos/alimentos-info/papas-fritas-info.png
Loading resource: res://.godot/imported/papas-fritas-info.png-5833dc777d8e67e4d16d8eb691432eb5.ctex
Loading resource: res://assets-sistema/iconos/papas-fritas-0.png
Loading resource: res://.godot/imported/papas-fritas-0.png-673623aa96ad926ea862e45e52bbd155.ctex
Loading resource: res://items/pera.tres
Loading resource: res://assets-sistema/iconos/alimentos-info/pera-info.png
Loading resource: res://.godot/imported/pera-info.png-b0135f9ef8948a3d6922230aef048cac.ctex
Loading resource: res://assets-sistema/iconos/pera-0.png
Loading resource: res://.godot/imported/pera-0.png-3e2e7631004cac7b8bac25ca0c77d5a8.ctex
Loading resource: res://items/polenta.tres
Loading resource: res://assets-sistema/iconos/alimentos-info/polenta-info.png
Loading resource: res://.godot/imported/polenta-info.png-d3280334e66add343172a879903eabcb.ctex
Loading resource: res://assets-sistema/iconos/polenta-0.png
Loading resource: res://.godot/imported/polenta-0.png-b73619c2abb25301058290c4a97f276e.ctex
Loading resource: res://items/sushi.tres
Loading resource: res://assets-sistema/iconos/alimentos-info/sushi-roll-info.png
Loading resource: res://.godot/imported/sushi-roll-info.png-f7c3cb78a693de85dd009df72f20875f.ctex
Loading resource: res://assets-sistema/iconos/sushi-0.png
Loading resource: res://.godot/imported/sushi-0.png-47746a45e507361788d5d9a0e4198a42.ctex
Loading resource: res://items/te.tres
Loading resource: res://assets-sistema/iconos/alimentos-info/te-info.png
Loading resource: res://.godot/imported/te-info.png-c59930df40dd7400a27ad04667b163a1.ctex
Loading resource: res://assets-sistema/iconos/te-0.png
Loading resource: res://.godot/imported/te-0.png-a16b3167f8d0e2ef6668a90bef409d9c.ctex
Loading resource: res://items/tofu.tres
Loading resource: res://assets-sistema/iconos/alimentos-info/tofu-info.png
Loading resource: res://.godot/imported/tofu-info.png-42c90cea8049229a85bf67013268d69a.ctex
Loading resource: res://assets-sistema/iconos/tofu-0.png
Loading resource: res://.godot/imported/tofu-0.png-84faebae6995bbc6dabcb642e388d3eb.ctex
Loading resource: res://items/uva.tres
Loading resource: res://assets-sistema/iconos/alimentos-info/uva-info.png
Loading resource: res://.godot/imported/uva-info.png-0ae2f855c4dc8b07fce4791746ef860f.ctex
Loading resource: res://assets-sistema/iconos/uva-0.png
Loading resource: res://.godot/imported/uva-0.png-fa5203c81ea2f3a5e1f628b031fe0d83.ctex
Loading resource: res://items/vino.tres
Loading resource: res://assets-sistema/iconos/alimentos-info/vino-info.png
Loading resource: res://.godot/imported/vino-info.png-4052120a312ac20418d662743753f0cb.ctex
Loading resource: res://assets-sistema/iconos/vino-0.png
Loading resource: res://.godot/imported/vino-0.png-4b27b531a084aad0e41b28f6d5b43bbb.ctex
Loading resource: res://items/zanahoria.tres
Loading resource: res://assets-sistema/iconos/alimentos-info/zanahoria-info.png
Loading resource: res://.godot/imported/zanahoria-info.png-5f3dedf72081bf62c992c37c92fecff3.ctex
Loading resource: res://assets-sistema/iconos/zanahoria-0.png
Loading resource: res://.godot/imported/zanahoria-0.png-cd94e9cb5f1fba5be820baccbfe9bbc2.ctex
Loading resource: res://items/guiso.tres
Loading resource: res://assets-sistema/iconos/alimentos-info/guisso-info.png
Loading resource: res://.godot/imported/guisso-info.png-45176911eb03da6a8092166cc49d798c.ctex
Loading resource: res://assets-sistema/iconos/guiso-lentejas-0.png
Loading resource: res://.godot/imported/guiso-lentejas-0.png-f0f6a3360936fd96e6a645fe01f8f1f9.ctex
Loading resource: res://assets-sistema/interfaz/almuerzo.png
Loading resource: res://.godot/imported/almuerzo.png-f50bdc1c3cf49d1122f4dde2185ae93c.ctex
Loading resource: res://assets-sistema/interfaz/prepara-celiaquia.png
Loading resource: res://.godot/imported/prepara-celiaquia.png-ad7956ec1748f2f1f9f059104dd92c92.ctex
Loading resource: res://assets-sistema/ensenanza/ensenanza-celiaquia-1.png
Loading resource: res://.godot/imported/ensenanza-celiaquia-1.png-917da222598892f51d376deab01a67c9.ctex
Loading resource: res://assets-sistema/sonidos/simple-relaxing-guitar-loop-60828.mp3
Loading resource: res://.godot/imported/simple-relaxing-guitar-loop-60828.mp3-6e2139b7eae20824f9eb86998edeb9d3.mp3str
Loading resource: res://preguntas/pregunta.tscn
Loading resource: res://preguntas/pregunta.gd
Loading resource: res://preguntas/theme/theme_varias_preguntas.tres
Loading resource: res://preguntas/preguntas_recurso/eliminar_gluten.tres
Loading resource: res://preguntas/preguntas_recurso/enfermedad_autoinmune.tres
Loading resource: res://preguntas/preguntas_recurso/estudio_celiaquia.tres
Loading resource: res://preguntas/preguntas_recurso/gluten_arroz.tres
Loading resource: res://preguntas/preguntas_recurso/limite_ingesta.tres
Loading resource: res://preguntas/preguntas_recurso/simbolo_tacc.tres
Loading resource: res://preguntas/preguntas_recurso/trigo_sarraceno.tres
Loading resource: res://preguntas/preguntas_recurso/gluten_maiz.tres
Loading resource: res://assets-sistema/interfaz/pregunta-1.png
Loading resource: res://.godot/imported/pregunta-1.png-206592a734ad16742b58bb57ea666e1c.ctex
Loading resource: res://assets-sistema/interfaz/pregunta-2.png
Loading resource: res://.godot/imported/pregunta-2.png-37c0c43b6ef7dc0f04ea0a97e770e185.ctex
Loading resource: res://fonts/Rubik-Italic-VariableFont_wght.ttf
Loading resource: res://.godot/imported/Rubik-Italic-VariableFont_wght.ttf-e77039d98f59a2f3789e089c6b8865a3.fontdata
Loading resource: res://niveles/nivel_1/Level.tscn
Loading resource: res://items/plato.tscn
Loading resource: res://assets-sistema/iconos/alimentos-info/plato-flor.png
Loading resource: res://.godot/imported/plato-flor.png-c7b5a0c8a5b10173ccbc27c768940209.ctex
Loading resource: res://assets-sistema/sonidos/sound5-106358.mp3
Loading resource: res://.godot/imported/sound5-106358.mp3-185a8d26978cc774bad04cd7ad9e349d.mp3str
Loading resource: res://assets-sistema/interfaz/lupa.png
Loading resource: res://.godot/imported/lupa.png-b31e12de61f65ea91e376db62a5e7e11.ctex
Loading resource: res://assets-sistema/interfaz/globito-celiaquia.png
Loading resource: res://.godot/imported/globito-celiaquia.png-6a6912135d2adc0021a88cff7f959ab1.ctex
Loading resource: res://assets-sistema/interfaz/info-lupa.png
Loading resource: res://.godot/imported/info-lupa.png-889ca10a471ef646b85cb553e7c4abb0.ctex
Loading resource: res://assets-sistema/interfaz/tengo hambre.png
Loading resource: res://.godot/imported/tengo hambre.png-202bb54534442478dbdefb8b2f524a7e.ctex
Loading resource: res://assets-sistema/player/personaje-idle-1.png
Loading resource: res://.godot/imported/personaje-idle-1.png-5e68edc8ef03038d1403dcb19ce88fc2.ctex
Loading resource: res://assets-sistema/player/personaje-idle-2.png
Loading resource: res://.godot/imported/personaje-idle-2.png-af8a5748263e531c9faf206b17bcf53e.ctex
Loading resource: res://assets-sistema/player/personaje-mal-mal--malito-1.png
Loading resource: res://.godot/imported/personaje-mal-mal--malito-1.png-c9f1c7b7dce48d5e5105ca27191ee129.ctex
Loading resource: res://assets-sistema/player/personaje-idle-3.png
Loading resource: res://.godot/imported/personaje-idle-3.png-6869596d1787fc696c0b58171ff80428.ctex
Loading resource: res://assets-sistema/player/personaje-mal-mal--malito-2.png
Loading resource: res://.godot/imported/personaje-mal-mal--malito-2.png-58fc99ff607ae7de4ebc89bd4eab67a4.ctex
Loading resource: res://assets-sistema/player/personaje-mal-malito-1.png
Loading resource: res://.godot/imported/personaje-mal-malito-1.png-2ee6112a227219ad717f269b633ced99.ctex
Loading resource: res://assets-sistema/player/personaje-mal-malito-2.png
Loading resource: res://.godot/imported/personaje-mal-malito-2.png-1489bd29a055b7f30b24c04232b8b5ab.ctex
Loading resource: res://assets-sistema/player/personaje-malito-1.png
Loading resource: res://.godot/imported/personaje-malito-1.png-605327cda634c2da57bb4a6b212b9960.ctex
Loading resource: res://assets-sistema/player/personaje-malito-2.png
Loading resource: res://.godot/imported/personaje-malito-2.png-1323417a7518b4c467787bcfbf553922.ctex
Loading resource: res://assets-sistema/player/personaje-malisisisimo-1.png
Loading resource: res://.godot/imported/personaje-malisisisimo-1.png-6b86416f1f082eae9a9a5857ab09e654.ctex
Loading resource: res://assets-sistema/player/personaje-malisisisimo-2.png
Loading resource: res://.godot/imported/personaje-malisisisimo-2.png-26aa8486f8871299a09606a52c8f3090.ctex
Loading resource: res://assets-sistema/player/personaje-sintiendose-bien-1.png
Loading resource: res://.godot/imported/personaje-sintiendose-bien-1.png-e9ccd0c70e64dc52e0d5de87b5d5c676.ctex
Loading resource: res://assets-sistema/player/personaje-sintiendose-bien-2.png
Loading resource: res://.godot/imported/personaje-sintiendose-bien-2.png-c762fb2debfc78fdcfa7e9db75c03919.ctex
Loading resource: res://assets-sistema/player/personaje-sintiendose-bien-3.png
Loading resource: res://.godot/imported/personaje-sintiendose-bien-3.png-8d470aed2afb7d8607257bf21d22b285.ctex
Loading resource: res://assets-sistema/player/personaje-sintiendose-mal-1.png
Loading resource: res://.godot/imported/personaje-sintiendose-mal-1.png-2aeda0d799737fd1316e7eeb5e52c32c.ctex
Loading resource: res://assets-sistema/player/personaje-sintiendose-mal-2.png
Loading resource: res://.godot/imported/personaje-sintiendose-mal-2.png-6ad38a48330ec990d545848a11098750.ctex
Loading resource: res://assets-sistema/player/personaje-sintiendose-mal-3.png
Loading resource: res://.godot/imported/personaje-sintiendose-mal-3.png-de89a15830f68c01fbf68967e1ec503f.ctex
Loading resource: res://assets-sistema/interfaz/flecha-ir-para-adelante-desbloqueada-historias.png
Loading resource: res://.godot/imported/flecha-ir-para-adelante-desbloqueada-historias.png-e0e5cc6959019a55de1c5cbce0ac8328.ctex
Loading resource: res://niveles/level_completion_black_and_white.gdshader
Loading resource: res://assets-sistema/interfaz/icono-guardar.svg
Loading resource: res://.godot/imported/icono-guardar.svg-d607481b1af52ce95f6e490e842bdf63.ctex
Loading resource: res://assets-sistema/interfaz/icono-guardar-ok.svg
Loading resource: res://.godot/imported/icono-guardar-ok.svg-dcb8fd88fe8c9d63a80bb848f2fd03fd.ctex
Loading resource: res://niveles/nivel_1/level_1.tres
Loading resource: res://preguntas/pregunta.tscn
Loading resource: res://preguntas/theme/theme_varias_preguntas.tres
Loading resource: res://preguntas/preguntas_recurso/eliminar_gluten.tres
Loading resource: res://preguntas/preguntas_recurso/enfermedad_autoinmune.tres
Loading resource: res://preguntas/preguntas_recurso/estudio_celiaquia.tres
Loading resource: res://preguntas/preguntas_recurso/gluten_arroz.tres
Loading resource: res://preguntas/preguntas_recurso/limite_ingesta.tres
Loading resource: res://preguntas/preguntas_recurso/simbolo_tacc.tres
Loading resource: res://preguntas/preguntas_recurso/trigo_sarraceno.tres
Loading resource: res://preguntas/preguntas_recurso/gluten_maiz.tres
Loading resource: res://assets-sistema/interfaz/pregunta-1.png
Loading resource: res://.godot/imported/pregunta-1.png-206592a734ad16742b58bb57ea666e1c.ctex
Loading resource: res://assets-sistema/interfaz/pregunta-2.png
Loading resource: res://.godot/imported/pregunta-2.png-37c0c43b6ef7dc0f04ea0a97e770e185.ctex
Loading resource: res://fonts/Rubik-Italic-VariableFont_wght.ttf
Loading resource: res://.godot/imported/Rubik-Italic-VariableFont_wght.ttf-e77039d98f59a2f3789e089c6b8865a3.fontdata
Loading resource: res://preguntas/pregunta.tscn
Loading resource: res://preguntas/theme/theme_varias_preguntas.tres
Loading resource: res://preguntas/preguntas_recurso/eliminar_gluten.tres
Loading resource: res://preguntas/preguntas_recurso/enfermedad_autoinmune.tres
Loading resource: res://preguntas/preguntas_recurso/estudio_celiaquia.tres
Loading resource: res://preguntas/preguntas_recurso/gluten_arroz.tres
Loading resource: res://preguntas/preguntas_recurso/limite_ingesta.tres
Loading resource: res://preguntas/preguntas_recurso/simbolo_tacc.tres
Loading resource: res://preguntas/preguntas_recurso/trigo_sarraceno.tres
Loading resource: res://preguntas/preguntas_recurso/gluten_maiz.tres
Loading resource: res://niveles/nivel_1/Level.tscn
Loading resource: res://items/plato.tscn
Loading resource: res://assets-sistema/iconos/alimentos-info/plato-flor.png
Loading resource: res://.godot/imported/plato-flor.png-c7b5a0c8a5b10173ccbc27c768940209.ctex
Loading resource: res://assets-sistema/sonidos/sound5-106358.mp3
Loading resource: res://.godot/imported/sound5-106358.mp3-185a8d26978cc774bad04cd7ad9e349d.mp3str
Loading resource: res://assets-sistema/interfaz/lupa.png
Loading resource: res://.godot/imported/lupa.png-b31e12de61f65ea91e376db62a5e7e11.ctex
Loading resource: res://assets-sistema/interfaz/globito-celiaquia.png
Loading resource: res://.godot/imported/globito-celiaquia.png-6a6912135d2adc0021a88cff7f959ab1.ctex
Loading resource: res://assets-sistema/interfaz/info-lupa.png
Loading resource: res://.godot/imported/info-lupa.png-889ca10a471ef646b85cb553e7c4abb0.ctex
Loading resource: res://assets-sistema/interfaz/tengo hambre.png
Loading resource: res://.godot/imported/tengo hambre.png-202bb54534442478dbdefb8b2f524a7e.ctex
Loading resource: res://assets-sistema/player/personaje-idle-1.png
Loading resource: res://.godot/imported/personaje-idle-1.png-5e68edc8ef03038d1403dcb19ce88fc2.ctex
Loading resource: res://assets-sistema/player/personaje-idle-2.png
Loading resource: res://.godot/imported/personaje-idle-2.png-af8a5748263e531c9faf206b17bcf53e.ctex
Loading resource: res://assets-sistema/player/personaje-mal-mal--malito-1.png
Loading resource: res://.godot/imported/personaje-mal-mal--malito-1.png-c9f1c7b7dce48d5e5105ca27191ee129.ctex
Loading resource: res://assets-sistema/player/personaje-idle-3.png
Loading resource: res://.godot/imported/personaje-idle-3.png-6869596d1787fc696c0b58171ff80428.ctex
Loading resource: res://assets-sistema/player/personaje-mal-mal--malito-2.png
Loading resource: res://.godot/imported/personaje-mal-mal--malito-2.png-58fc99ff607ae7de4ebc89bd4eab67a4.ctex
Loading resource: res://assets-sistema/player/personaje-mal-malito-1.png
Loading resource: res://.godot/imported/personaje-mal-malito-1.png-2ee6112a227219ad717f269b633ced99.ctex
Loading resource: res://assets-sistema/player/personaje-mal-malito-2.png
Loading resource: res://.godot/imported/personaje-mal-malito-2.png-1489bd29a055b7f30b24c04232b8b5ab.ctex
Loading resource: res://assets-sistema/player/personaje-malito-1.png
Loading resource: res://.godot/imported/personaje-malito-1.png-605327cda634c2da57bb4a6b212b9960.ctex
Loading resource: res://assets-sistema/player/personaje-malito-2.png
Loading resource: res://.godot/imported/personaje-malito-2.png-1323417a7518b4c467787bcfbf553922.ctex
Loading resource: res://assets-sistema/player/personaje-malisisisimo-1.png
Loading resource: res://.godot/imported/personaje-malisisisimo-1.png-6b86416f1f082eae9a9a5857ab09e654.ctex
Loading resource: res://assets-sistema/player/personaje-malisisisimo-2.png
Loading resource: res://.godot/imported/personaje-malisisisimo-2.png-26aa8486f8871299a09606a52c8f3090.ctex
Loading resource: res://assets-sistema/player/personaje-sintiendose-bien-1.png
Loading resource: res://.godot/imported/personaje-sintiendose-bien-1.png-e9ccd0c70e64dc52e0d5de87b5d5c676.ctex
Loading resource: res://assets-sistema/player/personaje-sintiendose-bien-2.png
Loading resource: res://.godot/imported/personaje-sintiendose-bien-2.png-c762fb2debfc78fdcfa7e9db75c03919.ctex
Loading resource: res://assets-sistema/player/personaje-sintiendose-bien-3.png
Loading resource: res://.godot/imported/personaje-sintiendose-bien-3.png-8d470aed2afb7d8607257bf21d22b285.ctex
Loading resource: res://assets-sistema/player/personaje-sintiendose-mal-1.png
Loading resource: res://.godot/imported/personaje-sintiendose-mal-1.png-2aeda0d799737fd1316e7eeb5e52c32c.ctex
Loading resource: res://assets-sistema/player/personaje-sintiendose-mal-2.png
Loading resource: res://.godot/imported/personaje-sintiendose-mal-2.png-6ad38a48330ec990d545848a11098750.ctex
Loading resource: res://assets-sistema/player/personaje-sintiendose-mal-3.png
Loading resource: res://.godot/imported/personaje-sintiendose-mal-3.png-de89a15830f68c01fbf68967e1ec503f.ctex
Loading resource: res://assets-sistema/interfaz/flecha-ir-para-adelante-desbloqueada-historias.png
Loading resource: res://.godot/imported/flecha-ir-para-adelante-desbloqueada-historias.png-e0e5cc6959019a55de1c5cbce0ac8328.ctex
Loading resource: res://niveles/level_completion_black_and_white.gdshader
Loading resource: res://assets-sistema/interfaz/icono-guardar.svg
Loading resource: res://.godot/imported/icono-guardar.svg-d607481b1af52ce95f6e490e842bdf63.ctex
Loading resource: res://assets-sistema/interfaz/icono-guardar-ok.svg
Loading resource: res://.godot/imported/icono-guardar-ok.svg-dcb8fd88fe8c9d63a80bb848f2fd03fd.ctex
Loading resource: res://niveles/nivel_1/level_1.tres
Loading resource: res://preguntas/pregunta.tscn
Loading resource: res://preguntas/theme/theme_varias_preguntas.tres
Loading resource: res://preguntas/preguntas_recurso/eliminar_gluten.tres
Loading resource: res://preguntas/preguntas_recurso/enfermedad_autoinmune.tres
Loading resource: res://preguntas/preguntas_recurso/estudio_celiaquia.tres
Loading resource: res://preguntas/preguntas_recurso/gluten_arroz.tres
Loading resource: res://preguntas/preguntas_recurso/limite_ingesta.tres
Loading resource: res://preguntas/preguntas_recurso/simbolo_tacc.tres
Loading resource: res://preguntas/preguntas_recurso/trigo_sarraceno.tres
Loading resource: res://preguntas/preguntas_recurso/gluten_maiz.tres
Loading resource: res://assets-sistema/interfaz/pregunta-1.png
Loading resource: res://.godot/imported/pregunta-1.png-206592a734ad16742b58bb57ea666e1c.ctex
Loading resource: res://assets-sistema/interfaz/pregunta-2.png
Loading resource: res://.godot/imported/pregunta-2.png-37c0c43b6ef7dc0f04ea0a97e770e185.ctex
Loading resource: res://fonts/Rubik-Italic-VariableFont_wght.ttf
Loading resource: res://.godot/imported/Rubik-Italic-VariableFont_wght.ttf-e77039d98f59a2f3789e089c6b8865a3.fontdata
Loading resource: res://niveles/nivel_1/Level.tscn
Loading resource: res://items/plato.tscn
Loading resource: res://assets-sistema/iconos/alimentos-info/plato-flor.png
Loading resource: res://.godot/imported/plato-flor.png-c7b5a0c8a5b10173ccbc27c768940209.ctex
Loading resource: res://assets-sistema/sonidos/sound5-106358.mp3
Loading resource: res://.godot/imported/sound5-106358.mp3-185a8d26978cc774bad04cd7ad9e349d.mp3str
Loading resource: res://assets-sistema/interfaz/lupa.png
Loading resource: res://.godot/imported/lupa.png-b31e12de61f65ea91e376db62a5e7e11.ctex
Loading resource: res://assets-sistema/interfaz/globito-celiaquia.png
Loading resource: res://.godot/imported/globito-celiaquia.png-6a6912135d2adc0021a88cff7f959ab1.ctex
Loading resource: res://assets-sistema/interfaz/info-lupa.png
Loading resource: res://.godot/imported/info-lupa.png-889ca10a471ef646b85cb553e7c4abb0.ctex
Loading resource: res://assets-sistema/interfaz/tengo hambre.png
Loading resource: res://.godot/imported/tengo hambre.png-202bb54534442478dbdefb8b2f524a7e.ctex
Loading resource: res://assets-sistema/player/personaje-idle-1.png
Loading resource: res://.godot/imported/personaje-idle-1.png-5e68edc8ef03038d1403dcb19ce88fc2.ctex
Loading resource: res://assets-sistema/player/personaje-idle-2.png
Loading resource: res://.godot/imported/personaje-idle-2.png-af8a5748263e531c9faf206b17bcf53e.ctex
Loading resource: res://assets-sistema/player/personaje-mal-mal--malito-1.png
Loading resource: res://.godot/imported/personaje-mal-mal--malito-1.png-c9f1c7b7dce48d5e5105ca27191ee129.ctex
Loading resource: res://assets-sistema/player/personaje-idle-3.png
Loading resource: res://.godot/imported/personaje-idle-3.png-6869596d1787fc696c0b58171ff80428.ctex
Loading resource: res://assets-sistema/player/personaje-mal-mal--malito-2.png
Loading resource: res://.godot/imported/personaje-mal-mal--malito-2.png-58fc99ff607ae7de4ebc89bd4eab67a4.ctex
Loading resource: res://assets-sistema/player/personaje-mal-malito-1.png
Loading resource: res://.godot/imported/personaje-mal-malito-1.png-2ee6112a227219ad717f269b633ced99.ctex
Loading resource: res://assets-sistema/player/personaje-mal-malito-2.png
Loading resource: res://.godot/imported/personaje-mal-malito-2.png-1489bd29a055b7f30b24c04232b8b5ab.ctex
Loading resource: res://assets-sistema/player/personaje-malito-1.png
Loading resource: res://.godot/imported/personaje-malito-1.png-605327cda634c2da57bb4a6b212b9960.ctex
Loading resource: res://assets-sistema/player/personaje-malito-2.png
Loading resource: res://.godot/imported/personaje-malito-2.png-1323417a7518b4c467787bcfbf553922.ctex
Loading resource: res://assets-sistema/player/personaje-malisisisimo-1.png
Loading resource: res://.godot/imported/personaje-malisisisimo-1.png-6b86416f1f082eae9a9a5857ab09e654.ctex
Loading resource: res://assets-sistema/player/personaje-malisisisimo-2.png
Loading resource: res://.godot/imported/personaje-malisisisimo-2.png-26aa8486f8871299a09606a52c8f3090.ctex
Loading resource: res://assets-sistema/player/personaje-sintiendose-bien-1.png
Loading resource: res://.godot/imported/personaje-sintiendose-bien-1.png-e9ccd0c70e64dc52e0d5de87b5d5c676.ctex
Loading resource: res://assets-sistema/player/personaje-sintiendose-bien-2.png
Loading resource: res://.godot/imported/personaje-sintiendose-bien-2.png-c762fb2debfc78fdcfa7e9db75c03919.ctex
Loading resource: res://assets-sistema/player/personaje-sintiendose-bien-3.png
Loading resource: res://.godot/imported/personaje-sintiendose-bien-3.png-8d470aed2afb7d8607257bf21d22b285.ctex
Loading resource: res://assets-sistema/player/personaje-sintiendose-mal-1.png
Loading resource: res://.godot/imported/personaje-sintiendose-mal-1.png-2aeda0d799737fd1316e7eeb5e52c32c.ctex
Loading resource: res://assets-sistema/player/personaje-sintiendose-mal-2.png
Loading resource: res://.godot/imported/personaje-sintiendose-mal-2.png-6ad38a48330ec990d545848a11098750.ctex
Loading resource: res://assets-sistema/player/personaje-sintiendose-mal-3.png
Loading resource: res://.godot/imported/personaje-sintiendose-mal-3.png-de89a15830f68c01fbf68967e1ec503f.ctex
Loading resource: res://assets-sistema/interfaz/flecha-ir-para-adelante-desbloqueada-historias.png
Loading resource: res://.godot/imported/flecha-ir-para-adelante-desbloqueada-historias.png-e0e5cc6959019a55de1c5cbce0ac8328.ctex
Loading resource: res://niveles/level_completion_black_and_white.gdshader
Loading resource: res://assets-sistema/interfaz/icono-guardar.svg
Loading resource: res://.godot/imported/icono-guardar.svg-d607481b1af52ce95f6e490e842bdf63.ctex
Loading resource: res://assets-sistema/interfaz/icono-guardar-ok.svg
Loading resource: res://.godot/imported/icono-guardar-ok.svg-dcb8fd88fe8c9d63a80bb848f2fd03fd.ctex
Loading resource: res://niveles/nivel_1/level_1.tres
Loading resource: res://preguntas/pregunta.tscn
Loading resource: res://preguntas/theme/theme_varias_preguntas.tres
Loading resource: res://preguntas/preguntas_recurso/eliminar_gluten.tres
Loading resource: res://preguntas/preguntas_recurso/enfermedad_autoinmune.tres
Loading resource: res://preguntas/preguntas_recurso/estudio_celiaquia.tres
Loading resource: res://preguntas/preguntas_recurso/gluten_arroz.tres
Loading resource: res://preguntas/preguntas_recurso/limite_ingesta.tres
Loading resource: res://preguntas/preguntas_recurso/simbolo_tacc.tres
Loading resource: res://preguntas/preguntas_recurso/trigo_sarraceno.tres
Loading resource: res://preguntas/preguntas_recurso/gluten_maiz.tres
Loading resource: res://assets-sistema/interfaz/pregunta-1.png
Loading resource: res://.godot/imported/pregunta-1.png-206592a734ad16742b58bb57ea666e1c.ctex
Loading resource: res://assets-sistema/interfaz/pregunta-2.png
Loading resource: res://.godot/imported/pregunta-2.png-37c0c43b6ef7dc0f04ea0a97e770e185.ctex
Loading resource: res://fonts/Rubik-Italic-VariableFont_wght.ttf
Loading resource: res://.godot/imported/Rubik-Italic-VariableFont_wght.ttf-e77039d98f59a2f3789e089c6b8865a3.fontdata
Loading resource: res://niveles/nivel_1/Level.tscn
Loading resource: res://items/plato.tscn
Loading resource: res://assets-sistema/iconos/alimentos-info/plato-flor.png
Loading resource: res://.godot/imported/plato-flor.png-c7b5a0c8a5b10173ccbc27c768940209.ctex
Loading resource: res://assets-sistema/sonidos/sound5-106358.mp3
Loading resource: res://.godot/imported/sound5-106358.mp3-185a8d26978cc774bad04cd7ad9e349d.mp3str
Loading resource: res://assets-sistema/interfaz/lupa.png
Loading resource: res://.godot/imported/lupa.png-b31e12de61f65ea91e376db62a5e7e11.ctex
Loading resource: res://assets-sistema/interfaz/globito-celiaquia.png
Loading resource: res://.godot/imported/globito-celiaquia.png-6a6912135d2adc0021a88cff7f959ab1.ctex
Loading resource: res://assets-sistema/interfaz/info-lupa.png
Loading resource: res://.godot/imported/info-lupa.png-889ca10a471ef646b85cb553e7c4abb0.ctex
Loading resource: res://assets-sistema/interfaz/tengo hambre.png
Loading resource: res://.godot/imported/tengo hambre.png-202bb54534442478dbdefb8b2f524a7e.ctex
Loading resource: res://assets-sistema/player/personaje-idle-1.png
Loading resource: res://.godot/imported/personaje-idle-1.png-5e68edc8ef03038d1403dcb19ce88fc2.ctex
Loading resource: res://assets-sistema/player/personaje-idle-2.png
Loading resource: res://.godot/imported/personaje-idle-2.png-af8a5748263e531c9faf206b17bcf53e.ctex
Loading resource: res://assets-sistema/player/personaje-mal-mal--malito-1.png
Loading resource: res://.godot/imported/personaje-mal-mal--malito-1.png-c9f1c7b7dce48d5e5105ca27191ee129.ctex
Loading resource: res://assets-sistema/player/personaje-idle-3.png
Loading resource: res://.godot/imported/personaje-idle-3.png-6869596d1787fc696c0b58171ff80428.ctex
Loading resource: res://assets-sistema/player/personaje-mal-mal--malito-2.png
Loading resource: res://.godot/imported/personaje-mal-mal--malito-2.png-58fc99ff607ae7de4ebc89bd4eab67a4.ctex
Loading resource: res://assets-sistema/player/personaje-mal-malito-1.png
Loading resource: res://.godot/imported/personaje-mal-malito-1.png-2ee6112a227219ad717f269b633ced99.ctex
Loading resource: res://assets-sistema/player/personaje-mal-malito-2.png
Loading resource: res://.godot/imported/personaje-mal-malito-2.png-1489bd29a055b7f30b24c04232b8b5ab.ctex
Loading resource: res://assets-sistema/player/personaje-malito-1.png
Loading resource: res://.godot/imported/personaje-malito-1.png-605327cda634c2da57bb4a6b212b9960.ctex
Loading resource: res://assets-sistema/player/personaje-malito-2.png
Loading resource: res://.godot/imported/personaje-malito-2.png-1323417a7518b4c467787bcfbf553922.ctex
Loading resource: res://assets-sistema/player/personaje-malisisisimo-1.png
Loading resource: res://.godot/imported/personaje-malisisisimo-1.png-6b86416f1f082eae9a9a5857ab09e654.ctex
Loading resource: res://assets-sistema/player/personaje-malisisisimo-2.png
Loading resource: res://.godot/imported/personaje-malisisisimo-2.png-26aa8486f8871299a09606a52c8f3090.ctex
Loading resource: res://assets-sistema/player/personaje-sintiendose-bien-1.png
Loading resource: res://.godot/imported/personaje-sintiendose-bien-1.png-e9ccd0c70e64dc52e0d5de87b5d5c676.ctex
Loading resource: res://assets-sistema/player/personaje-sintiendose-bien-2.png
Loading resource: res://.godot/imported/personaje-sintiendose-bien-2.png-c762fb2debfc78fdcfa7e9db75c03919.ctex
Loading resource: res://assets-sistema/player/personaje-sintiendose-bien-3.png
Loading resource: res://.godot/imported/personaje-sintiendose-bien-3.png-8d470aed2afb7d8607257bf21d22b285.ctex
Loading resource: res://assets-sistema/player/personaje-sintiendose-mal-1.png
Loading resource: res://.godot/imported/personaje-sintiendose-mal-1.png-2aeda0d799737fd1316e7eeb5e52c32c.ctex
Loading resource: res://assets-sistema/player/personaje-sintiendose-mal-2.png
Loading resource: res://.godot/imported/personaje-sintiendose-mal-2.png-6ad38a48330ec990d545848a11098750.ctex
Loading resource: res://assets-sistema/player/personaje-sintiendose-mal-3.png
Loading resource: res://.godot/imported/personaje-sintiendose-mal-3.png-de89a15830f68c01fbf68967e1ec503f.ctex
Loading resource: res://assets-sistema/interfaz/flecha-ir-para-adelante-desbloqueada-historias.png
Loading resource: res://.godot/imported/flecha-ir-para-adelante-desbloqueada-historias.png-e0e5cc6959019a55de1c5cbce0ac8328.ctex
Loading resource: res://niveles/level_completion_black_and_white.gdshader
Loading resource: res://assets-sistema/interfaz/icono-guardar.svg
Loading resource: res://.godot/imported/icono-guardar.svg-d607481b1af52ce95f6e490e842bdf63.ctex
Loading resource: res://assets-sistema/interfaz/icono-guardar-ok.svg
Loading resource: res://.godot/imported/icono-guardar-ok.svg-dcb8fd88fe8c9d63a80bb848f2fd03fd.ctex
Loading resource: res://niveles/nivel_1/level_1.tres
Loading resource: res://preguntas/pregunta.tscn
Loading resource: res://preguntas/theme/theme_varias_preguntas.tres
Loading resource: res://preguntas/preguntas_recurso/eliminar_gluten.tres
Loading resource: res://preguntas/preguntas_recurso/enfermedad_autoinmune.tres
Loading resource: res://preguntas/preguntas_recurso/estudio_celiaquia.tres
Loading resource: res://preguntas/preguntas_recurso/gluten_arroz.tres
Loading resource: res://preguntas/preguntas_recurso/limite_ingesta.tres
Loading resource: res://preguntas/preguntas_recurso/simbolo_tacc.tres
Loading resource: res://preguntas/preguntas_recurso/trigo_sarraceno.tres
Loading resource: res://preguntas/preguntas_recurso/gluten_maiz.tres
Loading resource: res://assets-sistema/interfaz/pregunta-1.png
Loading resource: res://.godot/imported/pregunta-1.png-206592a734ad16742b58bb57ea666e1c.ctex
Loading resource: res://assets-sistema/interfaz/pregunta-2.png
Loading resource: res://.godot/imported/pregunta-2.png-37c0c43b6ef7dc0f04ea0a97e770e185.ctex
Loading resource: res://fonts/Rubik-Italic-VariableFont_wght.ttf
Loading resource: res://.godot/imported/Rubik-Italic-VariableFont_wght.ttf-e77039d98f59a2f3789e089c6b8865a3.fontdata
Loading resource: res://preguntas/pregunta.tscn
Loading resource: res://preguntas/theme/theme_varias_preguntas.tres
Loading resource: res://preguntas/preguntas_recurso/eliminar_gluten.tres
Loading resource: res://preguntas/preguntas_recurso/enfermedad_autoinmune.tres
Loading resource: res://preguntas/preguntas_recurso/estudio_celiaquia.tres
Loading resource: res://preguntas/preguntas_recurso/gluten_arroz.tres
Loading resource: res://preguntas/preguntas_recurso/limite_ingesta.tres
Loading resource: res://preguntas/preguntas_recurso/simbolo_tacc.tres
Loading resource: res://preguntas/preguntas_recurso/trigo_sarraceno.tres
Loading resource: res://preguntas/preguntas_recurso/gluten_maiz.tres
Loading resource: res://niveles/nivel_1/Level.tscn
Loading resource: res://items/plato.tscn
Loading resource: res://assets-sistema/iconos/alimentos-info/plato-flor.png
Loading resource: res://.godot/imported/plato-flor.png-c7b5a0c8a5b10173ccbc27c768940209.ctex
Loading resource: res://assets-sistema/sonidos/sound5-106358.mp3
Loading resource: res://.godot/imported/sound5-106358.mp3-185a8d26978cc774bad04cd7ad9e349d.mp3str
Loading resource: res://assets-sistema/interfaz/lupa.png
Loading resource: res://.godot/imported/lupa.png-b31e12de61f65ea91e376db62a5e7e11.ctex
Loading resource: res://assets-sistema/interfaz/globito-celiaquia.png
Loading resource: res://.godot/imported/globito-celiaquia.png-6a6912135d2adc0021a88cff7f959ab1.ctex
Loading resource: res://assets-sistema/interfaz/info-lupa.png
Loading resource: res://.godot/imported/info-lupa.png-889ca10a471ef646b85cb553e7c4abb0.ctex
Loading resource: res://assets-sistema/interfaz/tengo hambre.png
Loading resource: res://.godot/imported/tengo hambre.png-202bb54534442478dbdefb8b2f524a7e.ctex
Loading resource: res://assets-sistema/player/personaje-idle-1.png
Loading resource: res://.godot/imported/personaje-idle-1.png-5e68edc8ef03038d1403dcb19ce88fc2.ctex
Loading resource: res://assets-sistema/player/personaje-idle-2.png
Loading resource: res://.godot/imported/personaje-idle-2.png-af8a5748263e531c9faf206b17bcf53e.ctex
Loading resource: res://assets-sistema/player/personaje-mal-mal--malito-1.png
Loading resource: res://.godot/imported/personaje-mal-mal--malito-1.png-c9f1c7b7dce48d5e5105ca27191ee129.ctex
Loading resource: res://assets-sistema/player/personaje-idle-3.png
Loading resource: res://.godot/imported/personaje-idle-3.png-6869596d1787fc696c0b58171ff80428.ctex
Loading resource: res://assets-sistema/player/personaje-mal-mal--malito-2.png
Loading resource: res://.godot/imported/personaje-mal-mal--malito-2.png-58fc99ff607ae7de4ebc89bd4eab67a4.ctex
Loading resource: res://assets-sistema/player/personaje-mal-malito-1.png
Loading resource: res://.godot/imported/personaje-mal-malito-1.png-2ee6112a227219ad717f269b633ced99.ctex
Loading resource: res://assets-sistema/player/personaje-mal-malito-2.png
Loading resource: res://.godot/imported/personaje-mal-malito-2.png-1489bd29a055b7f30b24c04232b8b5ab.ctex
Loading resource: res://assets-sistema/player/personaje-malito-1.png
Loading resource: res://.godot/imported/personaje-malito-1.png-605327cda634c2da57bb4a6b212b9960.ctex
Loading resource: res://assets-sistema/player/personaje-malito-2.png
Loading resource: res://.godot/imported/personaje-malito-2.png-1323417a7518b4c467787bcfbf553922.ctex
Loading resource: res://assets-sistema/player/personaje-malisisisimo-1.png
Loading resource: res://.godot/imported/personaje-malisisisimo-1.png-6b86416f1f082eae9a9a5857ab09e654.ctex
Loading resource: res://assets-sistema/player/personaje-malisisisimo-2.png
Loading resource: res://.godot/imported/personaje-malisisisimo-2.png-26aa8486f8871299a09606a52c8f3090.ctex
Loading resource: res://assets-sistema/player/personaje-sintiendose-bien-1.png
Loading resource: res://.godot/imported/personaje-sintiendose-bien-1.png-e9ccd0c70e64dc52e0d5de87b5d5c676.ctex
Loading resource: res://assets-sistema/player/personaje-sintiendose-bien-2.png
Loading resource: res://.godot/imported/personaje-sintiendose-bien-2.png-c762fb2debfc78fdcfa7e9db75c03919.ctex
Loading resource: res://assets-sistema/player/personaje-sintiendose-bien-3.png
Loading resource: res://.godot/imported/personaje-sintiendose-bien-3.png-8d470aed2afb7d8607257bf21d22b285.ctex
Loading resource: res://assets-sistema/player/personaje-sintiendose-mal-1.png
Loading resource: res://.godot/imported/personaje-sintiendose-mal-1.png-2aeda0d799737fd1316e7eeb5e52c32c.ctex
Loading resource: res://assets-sistema/player/personaje-sintiendose-mal-2.png
Loading resource: res://.godot/imported/personaje-sintiendose-mal-2.png-6ad38a48330ec990d545848a11098750.ctex
Loading resource: res://assets-sistema/player/personaje-sintiendose-mal-3.png
Loading resource: res://.godot/imported/personaje-sintiendose-mal-3.png-de89a15830f68c01fbf68967e1ec503f.ctex
Loading resource: res://assets-sistema/interfaz/flecha-ir-para-adelante-desbloqueada-historias.png
Loading resource: res://.godot/imported/flecha-ir-para-adelante-desbloqueada-historias.png-e0e5cc6959019a55de1c5cbce0ac8328.ctex
Loading resource: res://niveles/level_completion_black_and_white.gdshader
Loading resource: res://assets-sistema/interfaz/icono-guardar.svg
Loading resource: res://.godot/imported/icono-guardar.svg-d607481b1af52ce95f6e490e842bdf63.ctex
Loading resource: res://assets-sistema/interfaz/icono-guardar-ok.svg
Loading resource: res://.godot/imported/icono-guardar-ok.svg-dcb8fd88fe8c9d63a80bb848f2fd03fd.ctex
Loading resource: res://niveles/nivel_1/level_1.tres
Loading resource: res://preguntas/pregunta.tscn
Loading resource: res://preguntas/theme/theme_varias_preguntas.tres
Loading resource: res://preguntas/preguntas_recurso/eliminar_gluten.tres
Loading resource: res://preguntas/preguntas_recurso/enfermedad_autoinmune.tres
Loading resource: res://preguntas/preguntas_recurso/estudio_celiaquia.tres
Loading resource: res://preguntas/preguntas_recurso/gluten_arroz.tres
Loading resource: res://preguntas/preguntas_recurso/limite_ingesta.tres
Loading resource: res://preguntas/preguntas_recurso/simbolo_tacc.tres
Loading resource: res://preguntas/preguntas_recurso/trigo_sarraceno.tres
Loading resource: res://preguntas/preguntas_recurso/gluten_maiz.tres
Loading resource: res://assets-sistema/interfaz/pregunta-1.png
Loading resource: res://.godot/imported/pregunta-1.png-206592a734ad16742b58bb57ea666e1c.ctex
Loading resource: res://assets-sistema/interfaz/pregunta-2.png
Loading resource: res://.godot/imported/pregunta-2.png-37c0c43b6ef7dc0f04ea0a97e770e185.ctex
Loading resource: res://fonts/Rubik-Italic-VariableFont_wght.ttf
Loading resource: res://.godot/imported/Rubik-Italic-VariableFont_wght.ttf-e77039d98f59a2f3789e089c6b8865a3.fontdata
Loading resource: res://niveles/nivel_1/Level.tscn
Loading resource: res://items/plato.tscn
Loading resource: res://assets-sistema/iconos/alimentos-info/plato-flor.png
Loading resource: res://.godot/imported/plato-flor.png-c7b5a0c8a5b10173ccbc27c768940209.ctex
Loading resource: res://assets-sistema/sonidos/sound5-106358.mp3
Loading resource: res://.godot/imported/sound5-106358.mp3-185a8d26978cc774bad04cd7ad9e349d.mp3str
Loading resource: res://assets-sistema/interfaz/lupa.png
Loading resource: res://.godot/imported/lupa.png-b31e12de61f65ea91e376db62a5e7e11.ctex
Loading resource: res://assets-sistema/interfaz/globito-celiaquia.png
Loading resource: res://.godot/imported/globito-celiaquia.png-6a6912135d2adc0021a88cff7f959ab1.ctex
Loading resource: res://assets-sistema/interfaz/info-lupa.png
Loading resource: res://.godot/imported/info-lupa.png-889ca10a471ef646b85cb553e7c4abb0.ctex
Loading resource: res://assets-sistema/interfaz/tengo hambre.png
Loading resource: res://.godot/imported/tengo hambre.png-202bb54534442478dbdefb8b2f524a7e.ctex
Loading resource: res://assets-sistema/player/personaje-idle-1.png
Loading resource: res://.godot/imported/personaje-idle-1.png-5e68edc8ef03038d1403dcb19ce88fc2.ctex
Loading resource: res://assets-sistema/player/personaje-idle-2.png
Loading resource: res://.godot/imported/personaje-idle-2.png-af8a5748263e531c9faf206b17bcf53e.ctex
Loading resource: res://assets-sistema/player/personaje-mal-mal--malito-1.png
Loading resource: res://.godot/imported/personaje-mal-mal--malito-1.png-c9f1c7b7dce48d5e5105ca27191ee129.ctex
Loading resource: res://assets-sistema/player/personaje-idle-3.png
Loading resource: res://.godot/imported/personaje-idle-3.png-6869596d1787fc696c0b58171ff80428.ctex
Loading resource: res://assets-sistema/player/personaje-mal-mal--malito-2.png
Loading resource: res://.godot/imported/personaje-mal-mal--malito-2.png-58fc99ff607ae7de4ebc89bd4eab67a4.ctex
Loading resource: res://assets-sistema/player/personaje-mal-malito-1.png
Loading resource: res://.godot/imported/personaje-mal-malito-1.png-2ee6112a227219ad717f269b633ced99.ctex
Loading resource: res://assets-sistema/player/personaje-mal-malito-2.png
Loading resource: res://.godot/imported/personaje-mal-malito-2.png-1489bd29a055b7f30b24c04232b8b5ab.ctex
Loading resource: res://assets-sistema/player/personaje-malito-1.png
Loading resource: res://.godot/imported/personaje-malito-1.png-605327cda634c2da57bb4a6b212b9960.ctex
Loading resource: res://assets-sistema/player/personaje-malito-2.png
Loading resource: res://.godot/imported/personaje-malito-2.png-1323417a7518b4c467787bcfbf553922.ctex
Loading resource: res://assets-sistema/player/personaje-malisisisimo-1.png
Loading resource: res://.godot/imported/personaje-malisisisimo-1.png-6b86416f1f082eae9a9a5857ab09e654.ctex
Loading resource: res://assets-sistema/player/personaje-malisisisimo-2.png
Loading resource: res://.godot/imported/personaje-malisisisimo-2.png-26aa8486f8871299a09606a52c8f3090.ctex
Loading resource: res://assets-sistema/player/personaje-sintiendose-bien-1.png
Loading resource: res://.godot/imported/personaje-sintiendose-bien-1.png-e9ccd0c70e64dc52e0d5de87b5d5c676.ctex
Loading resource: res://assets-sistema/player/personaje-sintiendose-bien-2.png
Loading resource: res://.godot/imported/personaje-sintiendose-bien-2.png-c762fb2debfc78fdcfa7e9db75c03919.ctex
Loading resource: res://assets-sistema/player/personaje-sintiendose-bien-3.png
Loading resource: res://.godot/imported/personaje-sintiendose-bien-3.png-8d470aed2afb7d8607257bf21d22b285.ctex
Loading resource: res://assets-sistema/player/personaje-sintiendose-mal-1.png
Loading resource: res://.godot/imported/personaje-sintiendose-mal-1.png-2aeda0d799737fd1316e7eeb5e52c32c.ctex
Loading resource: res://assets-sistema/player/personaje-sintiendose-mal-2.png
Loading resource: res://.godot/imported/personaje-sintiendose-mal-2.png-6ad38a48330ec990d545848a11098750.ctex
Loading resource: res://assets-sistema/player/personaje-sintiendose-mal-3.png
Loading resource: res://.godot/imported/personaje-sintiendose-mal-3.png-de89a15830f68c01fbf68967e1ec503f.ctex
Loading resource: res://assets-sistema/interfaz/flecha-ir-para-adelante-desbloqueada-historias.png
Loading resource: res://.godot/imported/flecha-ir-para-adelante-desbloqueada-historias.png-e0e5cc6959019a55de1c5cbce0ac8328.ctex
Loading resource: res://niveles/level_completion_black_and_white.gdshader
Loading resource: res://assets-sistema/interfaz/icono-guardar.svg
Loading resource: res://.godot/imported/icono-guardar.svg-d607481b1af52ce95f6e490e842bdf63.ctex
Loading resource: res://assets-sistema/interfaz/icono-guardar-ok.svg
Loading resource: res://.godot/imported/icono-guardar-ok.svg-dcb8fd88fe8c9d63a80bb848f2fd03fd.ctex
Loading resource: res://niveles/nivel_1/level_1.tres
Loading resource: res://preguntas/pregunta.tscn
Loading resource: res://preguntas/theme/theme_varias_preguntas.tres
Loading resource: res://preguntas/preguntas_recurso/eliminar_gluten.tres
Loading resource: res://preguntas/preguntas_recurso/enfermedad_autoinmune.tres
Loading resource: res://preguntas/preguntas_recurso/estudio_celiaquia.tres
Loading resource: res://preguntas/preguntas_recurso/gluten_arroz.tres
Loading resource: res://preguntas/preguntas_recurso/limite_ingesta.tres
Loading resource: res://preguntas/preguntas_recurso/simbolo_tacc.tres
Loading resource: res://preguntas/preguntas_recurso/trigo_sarraceno.tres
Loading resource: res://preguntas/preguntas_recurso/gluten_maiz.tres
Loading resource: res://assets-sistema/interfaz/pregunta-1.png
Loading resource: res://.godot/imported/pregunta-1.png-206592a734ad16742b58bb57ea666e1c.ctex
Loading resource: res://assets-sistema/interfaz/pregunta-2.png
Loading resource: res://.godot/imported/pregunta-2.png-37c0c43b6ef7dc0f04ea0a97e770e185.ctex
Loading resource: res://fonts/Rubik-Italic-VariableFont_wght.ttf
Loading resource: res://.godot/imported/Rubik-Italic-VariableFont_wght.ttf-e77039d98f59a2f3789e089c6b8865a3.fontdata
XR: Clearing primary interface
XR: Removed interface "Native mobile"
XR: Removed interface "OpenXR"
WARNING: ObjectDB instances leaked at exit (run with --verbose for details).
   at: cleanup (core/object/object.cpp:2641)
Leaked instance: AudioStreamPlaybackMP3:9223372146879760095 - Reference count: 1
Leaked instance: AudioStreamMP3:9223372146829428459 - Reference count: 1
Hint: Leaked instances typically happen when nodes are removed from the scene tree (with `remove_child()`) but not freed (with `free()` or `queue_free()`).
ERROR: 1 resources still in use at exit.
   at: clear (core/io/resource.cpp:805)
Resource still in use: res://assets-sistema/sonidos/simple-relaxing-guitar-loop-60828.mp3 (AudioStreamMP3)
Orphan StringName: Master (static: 0, total: 2)
StringName: 1 unclaimed string names at exit.
